---
source: crates/diffguard-testkit/tests/snapshot_tests.rs
expression: diff
---
diff --git a/file0.rs b/file0.rs
index 0000000..1111111 100644
--- a/file0.rs
+++ b/file0.rs
@@ -1,0 +1,1 @@
+line0
diff --git a/file1.rs b/file1.rs
index 0000000..1111111 100644
--- a/file1.rs
+++ b/file1.rs
@@ -1,0 +1,1 @@
+line1
diff --git a/file2.rs b/file2.rs
index 0000000..1111111 100644
--- a/file2.rs
+++ b/file2.rs
@@ -1,0 +1,1 @@
+line2
diff --git a/file3.rs b/file3.rs
index 0000000..1111111 100644
--- a/file3.rs
+++ b/file3.rs
@@ -1,0 +1,1 @@
+line3
diff --git a/file4.rs b/file4.rs
index 0000000..1111111 100644
--- a/file4.rs
+++ b/file4.rs
@@ -1,0 +1,1 @@
+line4
