---
source: crates/diffguard-core/tests/test_gitlab_quality.rs
expression: json
---
[
  {
    "description": "Info message",
    "fingerprint": "f05a34a28ab4a6044a311bc61a7cebb8cb82a9f4dab77832cc95ae83be3bed72",
    "severity": "info",
    "location": {
      "path": "a.rs",
      "lines": {
        "begin": 1
      }
    },
    "check_name": "info-rule",
    "content": {
      "body": "the matched code"
    }
  },
  {
    "description": "Warning message",
    "fingerprint": "15afd9a18f807846c4c89d0ecc52a379816d15f3730637684868a5865deffa2a",
    "severity": "minor",
    "location": {
      "path": "b.rs",
      "lines": {
        "begin": 2
      }
    },
    "check_name": "warn-rule",
    "content": {
      "body": "the matched code"
    }
  },
  {
    "description": "Error message",
    "fingerprint": "622aad4b81d6b5838e33eba58aad3119ed4d66879fb29824282d741b801582ce",
    "severity": "major",
    "location": {
      "path": "c.rs",
      "lines": {
        "begin": 3
      }
    },
    "check_name": "error-rule",
    "content": {
      "body": "the matched code"
    }
  }
]
