---
source: crates/diffguard-core/tests/test_gitlab_quality.rs
expression: json
---
[
  {
    "description": "Use of console.log detected",
    "fingerprint": "09de548a8c9ea34302a1eafe86158637e22065b15b08d2ac3c59fec40547afa6",
    "severity": "minor",
    "location": {
      "path": "src/index.js",
      "lines": {
        "begin": 42
      }
    },
    "check_name": "no-console-log",
    "content": {
      "body": "the matched code"
    }
  }
]
