---
source: crates/diffguard-core/src/gitlab_quality.rs
expression: json
---
[
  {
    "description": "Avoid unwrap/expect in production code.",
    "fingerprint": "e55a93bc3889c835761d9620adf098e07759a24fed4ade227eafc053877004da",
    "severity": "major",
    "location": {
      "path": "src/main.rs",
      "lines": {
        "begin": 42
      }
    },
    "check_name": "rust.no_unwrap"
  },
  {
    "description": "Use of console.log detected.",
    "fingerprint": "bdc0e0c24e99798d4bcaeb858a3e6c094f01a5d92e74d1720a870a453e655f95",
    "severity": "minor",
    "location": {
      "path": "src/index.js",
      "lines": {
        "begin": 15
      }
    },
    "check_name": "js.no_console"
  }
]
