---
source: crates/diffguard-types/tests/snapshot_tests.rs
expression: "&config"
---
ConfigFile {
    includes: [],
    defaults: Defaults {
        base: Some(
            "origin/main",
        ),
        head: Some(
            "HEAD",
        ),
        scope: Some(
            Added,
        ),
        fail_on: Some(
            Error,
        ),
        max_findings: Some(
            200,
        ),
        diff_context: Some(
            0,
        ),
    },
    rule: [
        RuleConfig {
            id: "rust.no_unwrap",
            severity: Error,
            message: "Avoid unwrap/expect in production code.",
            description: "",
            languages: [
                "rust",
            ],
            patterns: [
                "\\.unwrap\\(",
                "\\.expect\\(",
            ],
            paths: [
                "**/*.rs",
            ],
            exclude_paths: [
                "**/tests/**",
                "**/benches/**",
                "**/examples/**",
            ],
            ignore_comments: true,
            ignore_strings: true,
            match_mode: Any,
            multiline: false,
            multiline_window: None,
            context_patterns: [],
            context_window: None,
            escalate_patterns: [],
            escalate_window: None,
            escalate_to: None,
            depends_on: [],
            help: Some(
                "Use the ? operator to propagate errors, or use expect() with a meaningful message that explains the invariant. Consider using anyhow or thiserror for structured error handling.",
            ),
            url: Some(
                "https://doc.rust-lang.org/book/ch09-02-recoverable-errors-with-result.html",
            ),
            tags: [
                "safety",
            ],
            test_cases: [],
        },
        RuleConfig {
            id: "rust.no_dbg",
            severity: Warn,
            message: "Remove dbg!/println! before merging.",
            description: "",
            languages: [
                "rust",
            ],
            patterns: [
                "\\bdbg!\\(",
                "\\bprintln!\\(",
                "\\beprintln!\\(",
            ],
            paths: [
                "**/*.rs",
            ],
            exclude_paths: [
                "**/tests/**",
                "**/benches/**",
                "**/examples/**",
            ],
            ignore_comments: true,
            ignore_strings: true,
            match_mode: Any,
            multiline: false,
            multiline_window: None,
            context_patterns: [],
            context_window: None,
            escalate_patterns: [],
            escalate_window: None,
            escalate_to: None,
            depends_on: [],
            help: Some(
                "Remove debug output before merging. For logging, use the log or tracing crate instead. If you need to keep the output, consider using conditional compilation with #[cfg(debug_assertions)].",
            ),
            url: Some(
                "https://doc.rust-lang.org/std/macro.dbg.html",
            ),
            tags: [
                "debug",
            ],
            test_cases: [],
        },
        RuleConfig {
            id: "rust.no_todo",
            severity: Warn,
            message: "Resolve TODO/FIXME comments before merging.",
            description: "",
            languages: [
                "rust",
            ],
            patterns: [
                "\\bTODO\\b",
                "\\bFIXME\\b",
                "\\btodo!\\s*\\(",
                "\\bunimplemented!\\s*\\(",
            ],
            paths: [
                "**/*.rs",
            ],
            exclude_paths: [],
            ignore_comments: false,
            ignore_strings: true,
            match_mode: Any,
            multiline: false,
            multiline_window: None,
            context_patterns: [],
            context_window: None,
            escalate_patterns: [],
            escalate_window: None,
            escalate_to: None,
            depends_on: [],
            help: Some(
                "Address TODO/FIXME comments before merging, or create tracking issues for planned work. The todo! and unimplemented! macros will panic at runtime.",
            ),
            url: None,
            tags: [
                "style",
            ],
            test_cases: [],
        },
        RuleConfig {
            id: "python.no_print",
            severity: Warn,
            message: "Remove print() before merging.",
            description: "",
            languages: [
                "python",
            ],
            patterns: [
                "\\bprint\\s*\\(",
            ],
            paths: [
                "**/*.py",
            ],
            exclude_paths: [
                "**/tests/**",
                "**/test_*.py",
            ],
            ignore_comments: true,
            ignore_strings: true,
            match_mode: Any,
            multiline: false,
            multiline_window: None,
            context_patterns: [],
            context_window: None,
            escalate_patterns: [],
            escalate_window: None,
            escalate_to: None,
            depends_on: [],
            help: Some(
                "Use the logging module instead of print() for production code. Configure logging levels appropriately (DEBUG, INFO, WARNING, ERROR).",
            ),
            url: Some(
                "https://docs.python.org/3/library/logging.html",
            ),
            tags: [
                "debug",
            ],
            test_cases: [],
        },
        RuleConfig {
            id: "python.no_pdb",
            severity: Error,
            message: "Remove debugger statements before merging.",
            description: "",
            languages: [
                "python",
            ],
            patterns: [
                "\\bimport\\s+pdb\\b",
                "\\bpdb\\.set_trace\\s*\\(",
            ],
            paths: [
                "**/*.py",
            ],
            exclude_paths: [],
            ignore_comments: true,
            ignore_strings: true,
            match_mode: Any,
            multiline: false,
            multiline_window: None,
            context_patterns: [],
            context_window: None,
            escalate_patterns: [],
            escalate_window: None,
            escalate_to: None,
            depends_on: [],
            help: Some(
                "Remove pdb debugger statements before merging. These will cause the application to pause and wait for interactive input in production.",
            ),
            url: Some(
                "https://docs.python.org/3/library/pdb.html",
            ),
            tags: [
                "debug",
            ],
            test_cases: [],
        },
        RuleConfig {
            id: "python.no_breakpoint",
            severity: Error,
            message: "Remove breakpoint() calls before merging.",
            description: "",
            languages: [
                "python",
            ],
            patterns: [
                "\\bbreakpoint\\s*\\(",
            ],
            paths: [
                "**/*.py",
            ],
            exclude_paths: [],
            ignore_comments: true,
            ignore_strings: true,
            match_mode: Any,
            multiline: false,
            multiline_window: None,
            context_patterns: [],
            context_window: None,
            escalate_patterns: [],
            escalate_window: None,
            escalate_to: None,
            depends_on: [],
            help: Some(
                "Remove breakpoint() calls before merging. The breakpoint() function (Python 3.7+) invokes the debugger and will pause execution in production.",
            ),
            url: Some(
                "https://docs.python.org/3/library/functions.html#breakpoint",
            ),
            tags: [
                "debug",
            ],
            test_cases: [],
        },
        RuleConfig {
            id: "js.no_console",
            severity: Warn,
            message: "Remove console.log before merging.",
            description: "",
            languages: [
                "javascript",
                "typescript",
            ],
            patterns: [
                "\\bconsole\\.(log|debug|info)\\s*\\(",
            ],
            paths: [
                "**/*.js",
                "**/*.ts",
                "**/*.jsx",
                "**/*.tsx",
            ],
            exclude_paths: [
                "**/tests/**",
                "**/*.test.*",
                "**/*.spec.*",
            ],
            ignore_comments: true,
            ignore_strings: true,
            match_mode: Any,
            multiline: false,
            multiline_window: None,
            context_patterns: [],
            context_window: None,
            escalate_patterns: [],
            escalate_window: None,
            escalate_to: None,
            depends_on: [],
            help: Some(
                "Use a proper logging library (e.g., winston, pino, bunyan) instead of console.log. For client-side code, consider using a logger that can be disabled in production builds.",
            ),
            url: Some(
                "https://developer.mozilla.org/en-US/docs/Web/API/console",
            ),
            tags: [
                "debug",
            ],
            test_cases: [],
        },
        RuleConfig {
            id: "js.no_debugger",
            severity: Error,
            message: "Remove debugger statements before merging.",
            description: "",
            languages: [
                "javascript",
                "typescript",
            ],
            patterns: [
                "\\bdebugger\\b",
            ],
            paths: [
                "**/*.js",
                "**/*.ts",
                "**/*.jsx",
                "**/*.tsx",
            ],
            exclude_paths: [],
            ignore_comments: true,
            ignore_strings: true,
            match_mode: Any,
            multiline: false,
            multiline_window: None,
            context_patterns: [],
            context_window: None,
            escalate_patterns: [],
            escalate_window: None,
            escalate_to: None,
            depends_on: [],
            help: Some(
                "Remove debugger statements before merging. These will pause execution in the browser's developer tools, which is not intended for production code.",
            ),
            url: Some(
                "https://developer.mozilla.org/en-US/docs/Web/JavaScript/Reference/Statements/debugger",
            ),
            tags: [
                "debug",
            ],
            test_cases: [],
        },
        RuleConfig {
            id: "ruby.no_binding_pry",
            severity: Error,
            message: "Remove binding.pry before merging.",
            description: "",
            languages: [
                "ruby",
            ],
            patterns: [
                "\\bbinding\\.pry\\b",
            ],
            paths: [
                "**/*.rb",
                "**/*.rake",
            ],
            exclude_paths: [
                "**/test/**",
                "**/spec/**",
            ],
            ignore_comments: true,
            ignore_strings: true,
            match_mode: Any,
            multiline: false,
            multiline_window: None,
            context_patterns: [],
            context_window: None,
            escalate_patterns: [],
            escalate_window: None,
            escalate_to: None,
            depends_on: [],
            help: Some(
                "Remove binding.pry debugger statements before merging. These will pause execution and open an interactive REPL in production.",
            ),
            url: Some(
                "https://github.com/pry/pry",
            ),
            tags: [
                "debug",
            ],
            test_cases: [],
        },
        RuleConfig {
            id: "ruby.no_byebug",
            severity: Error,
            message: "Remove byebug statements before merging.",
            description: "",
            languages: [
                "ruby",
            ],
            patterns: [
                "\\bbyebug\\b",
            ],
            paths: [
                "**/*.rb",
                "**/*.rake",
            ],
            exclude_paths: [
                "**/test/**",
                "**/spec/**",
            ],
            ignore_comments: true,
            ignore_strings: true,
            match_mode: Any,
            multiline: false,
            multiline_window: None,
            context_patterns: [],
            context_window: None,
            escalate_patterns: [],
            escalate_window: None,
            escalate_to: None,
            depends_on: [],
            help: Some(
                "Remove byebug debugger statements before merging. These will pause execution and open an interactive debugger in production.",
            ),
            url: Some(
                "https://github.com/deivid-rodriguez/byebug",
            ),
            tags: [
                "debug",
            ],
            test_cases: [],
        },
        RuleConfig {
            id: "java.no_sout",
            severity: Warn,
            message: "Remove System.out.println before merging.",
            description: "",
            languages: [
                "java",
            ],
            patterns: [
                "\\bSystem\\.out\\.println\\s*\\(",
            ],
            paths: [
                "**/*.java",
            ],
            exclude_paths: [
                "**/test/**",
                "**/tests/**",
            ],
            ignore_comments: true,
            ignore_strings: true,
            match_mode: Any,
            multiline: false,
            multiline_window: None,
            context_patterns: [],
            context_window: None,
            escalate_patterns: [],
            escalate_window: None,
            escalate_to: None,
            depends_on: [],
            help: Some(
                "Use a logging framework (e.g., SLF4J, Log4j, java.util.logging) instead of System.out.println for production code. Logging frameworks provide log levels, formatting, and configurable output destinations.",
            ),
            url: Some(
                "https://www.slf4j.org/",
            ),
            tags: [
                "debug",
            ],
            test_cases: [],
        },
        RuleConfig {
            id: "csharp.no_console",
            severity: Warn,
            message: "Remove Console.WriteLine before merging.",
            description: "",
            languages: [
                "csharp",
            ],
            patterns: [
                "\\bConsole\\.WriteLine\\s*\\(",
            ],
            paths: [
                "**/*.cs",
            ],
            exclude_paths: [
                "**/Tests/**",
                "**/*.Tests/**",
            ],
            ignore_comments: true,
            ignore_strings: true,
            match_mode: Any,
            multiline: false,
            multiline_window: None,
            context_patterns: [],
            context_window: None,
            escalate_patterns: [],
            escalate_window: None,
            escalate_to: None,
            depends_on: [],
            help: Some(
                "Use a logging framework (e.g., Serilog, NLog, Microsoft.Extensions.Logging) instead of Console.WriteLine for production code. Logging frameworks provide structured logging, log levels, and configurable sinks.",
            ),
            url: Some(
                "https://learn.microsoft.com/en-us/dotnet/core/extensions/logging",
            ),
            tags: [
                "debug",
            ],
            test_cases: [],
        },
        RuleConfig {
            id: "go.no_fmt_print",
            severity: Warn,
            message: "Remove fmt.Print* before merging.",
            description: "",
            languages: [
                "go",
            ],
            patterns: [
                "\\bfmt\\.(Print|Println|Printf)\\s*\\(",
            ],
            paths: [
                "**/*.go",
            ],
            exclude_paths: [
                "**/*_test.go",
            ],
            ignore_comments: true,
            ignore_strings: true,
            match_mode: Any,
            multiline: false,
            multiline_window: None,
            context_patterns: [],
            context_window: None,
            escalate_patterns: [],
            escalate_window: None,
            escalate_to: None,
            depends_on: [],
            help: Some(
                "Use the log package or a structured logging library (e.g., zap, zerolog, logrus) instead of fmt.Print* for production code.",
            ),
            url: Some(
                "https://pkg.go.dev/log",
            ),
            tags: [
                "debug",
            ],
            test_cases: [],
        },
        RuleConfig {
            id: "go.no_panic",
            severity: Warn,
            message: "Avoid panic() in production code.",
            description: "",
            languages: [
                "go",
            ],
            patterns: [
                "\\bpanic\\s*\\(",
            ],
            paths: [
                "**/*.go",
            ],
            exclude_paths: [
                "**/*_test.go",
            ],
            ignore_comments: true,
            ignore_strings: true,
            match_mode: Any,
            multiline: false,
            multiline_window: None,
            context_patterns: [],
            context_window: None,
            escalate_patterns: [],
            escalate_window: None,
            escalate_to: None,
            depends_on: [],
            help: Some(
                "Return errors instead of panicking. Use panic only for truly unrecoverable situations. Consider using errors.New() or fmt.Errorf() to create descriptive error values that callers can handle gracefully.",
            ),
            url: Some(
                "https://go.dev/doc/effective_go#errors",
            ),
            tags: [
                "safety",
            ],
            test_cases: [],
        },
        RuleConfig {
            id: "kotlin.no_println",
            severity: Warn,
            message: "Remove println() before merging.",
            description: "",
            languages: [
                "kotlin",
            ],
            patterns: [
                "\\bprintln\\s*\\(",
            ],
            paths: [
                "**/*.kt",
                "**/*.kts",
            ],
            exclude_paths: [
                "**/test/**",
                "**/tests/**",
            ],
            ignore_comments: true,
            ignore_strings: true,
            match_mode: Any,
            multiline: false,
            multiline_window: None,
            context_patterns: [],
            context_window: None,
            escalate_patterns: [],
            escalate_window: None,
            escalate_to: None,
            depends_on: [],
            help: Some(
                "Use a logging framework (e.g., SLF4J, Logback, kotlin-logging) instead of println() for production code. Logging frameworks provide log levels, structured output, and configurable destinations.",
            ),
            url: Some(
                "https://www.slf4j.org/",
            ),
            tags: [
                "debug",
            ],
            test_cases: [],
        },
        RuleConfig {
            id: "secrets.aws_access_key",
            severity: Error,
            message: "Potential AWS Access Key ID detected.",
            description: "",
            languages: [],
            patterns: [
                "AKIA[0-9A-Z]{16}",
            ],
            paths: [],
            exclude_paths: [],
            ignore_comments: false,
            ignore_strings: false,
            match_mode: Any,
            multiline: false,
            multiline_window: None,
            context_patterns: [],
            context_window: None,
            escalate_patterns: [],
            escalate_window: None,
            escalate_to: None,
            depends_on: [],
            help: Some(
                "AWS Access Key IDs should never be committed to source control. Use environment variables, AWS IAM roles, or a secrets manager (e.g., AWS Secrets Manager, HashiCorp Vault) to manage credentials.",
            ),
            url: Some(
                "https://docs.aws.amazon.com/IAM/latest/UserGuide/best-practices.html",
            ),
            tags: [
                "security",
            ],
            test_cases: [],
        },
        RuleConfig {
            id: "secrets.github_token",
            severity: Error,
            message: "Potential GitHub token detected.",
            description: "",
            languages: [],
            patterns: [
                "(ghp_|gho_|ghu_|ghs_|ghr_)[a-zA-Z0-9]{36}",
            ],
            paths: [],
            exclude_paths: [],
            ignore_comments: false,
            ignore_strings: false,
            match_mode: Any,
            multiline: false,
            multiline_window: None,
            context_patterns: [],
            context_window: None,
            escalate_patterns: [],
            escalate_window: None,
            escalate_to: None,
            depends_on: [],
            help: Some(
                "GitHub tokens should never be committed to source control. Use environment variables or GitHub Actions secrets to manage tokens. If a token was accidentally committed, revoke it immediately.",
            ),
            url: Some(
                "https://docs.github.com/en/authentication/keeping-your-account-and-data-secure/managing-your-personal-access-tokens",
            ),
            tags: [
                "security",
            ],
            test_cases: [],
        },
        RuleConfig {
            id: "secrets.generic_api_key",
            severity: Error,
            message: "Potential API key detected.",
            description: "",
            languages: [],
            patterns: [
                "(?i)(api[_-]?key|apikey)\\s*[:=]\\s*[\"'][^\"']{16,}[\"']",
            ],
            paths: [],
            exclude_paths: [
                "**/*.md",
                "**/README*",
                "**/CHANGELOG*",
            ],
            ignore_comments: false,
            ignore_strings: false,
            match_mode: Any,
            multiline: false,
            multiline_window: None,
            context_patterns: [],
            context_window: None,
            escalate_patterns: [],
            escalate_window: None,
            escalate_to: None,
            depends_on: [],
            help: Some(
                "API keys should not be hardcoded in source files. Use environment variables or a secrets manager to inject credentials at runtime. Consider using .env files (excluded from version control) for local development.",
            ),
            url: None,
            tags: [
                "security",
            ],
            test_cases: [],
        },
        RuleConfig {
            id: "secrets.private_key",
            severity: Error,
            message: "Private key detected.",
            description: "",
            languages: [],
            patterns: [
                "-----BEGIN (RSA |EC |DSA |OPENSSH )?PRIVATE KEY-----",
            ],
            paths: [],
            exclude_paths: [
                "**/*.md",
                "**/README*",
            ],
            ignore_comments: false,
            ignore_strings: false,
            match_mode: Any,
            multiline: false,
            multiline_window: None,
            context_patterns: [],
            context_window: None,
            escalate_patterns: [],
            escalate_window: None,
            escalate_to: None,
            depends_on: [],
            help: Some(
                "Private keys must never be committed to source control. Store private keys securely using a secrets manager, encrypted storage, or environment variables. If a private key was accidentally committed, consider it compromised and generate a new key pair.",
            ),
            url: None,
            tags: [
                "security",
            ],
            test_cases: [],
        },
        RuleConfig {
            id: "secrets.slack_token",
            severity: Error,
            message: "Potential Slack token detected.",
            description: "",
            languages: [],
            patterns: [
                "xox[baprs]-[0-9a-zA-Z]{10,}",
            ],
            paths: [],
            exclude_paths: [
                "**/*.md",
                "**/README*",
            ],
            ignore_comments: false,
            ignore_strings: false,
            match_mode: Any,
            multiline: false,
            multiline_window: None,
            context_patterns: [],
            context_window: None,
            escalate_patterns: [],
            escalate_window: None,
            escalate_to: None,
            depends_on: [],
            help: Some(
                "Slack tokens should never be committed to source control. Use environment variables or a secrets manager. If a token was accidentally committed, revoke it in your Slack workspace settings.",
            ),
            url: Some(
                "https://api.slack.com/authentication/token-types",
            ),
            tags: [
                "security",
            ],
            test_cases: [],
        },
        RuleConfig {
            id: "secrets.stripe_key",
            severity: Error,
            message: "Potential Stripe API key detected.",
            description: "",
            languages: [],
            patterns: [
                "(sk|rk)_live_[0-9a-zA-Z]{24,}",
            ],
            paths: [],
            exclude_paths: [
                "**/*.md",
                "**/README*",
            ],
            ignore_comments: false,
            ignore_strings: false,
            match_mode: Any,
            multiline: false,
            multiline_window: None,
            context_patterns: [],
            context_window: None,
            escalate_patterns: [],
            escalate_window: None,
            escalate_to: None,
            depends_on: [],
            help: Some(
                "Stripe live API keys should never be committed to source control. Use environment variables or a secrets manager. If a key was accidentally committed, rotate it immediately in your Stripe dashboard.",
            ),
            url: Some(
                "https://stripe.com/docs/keys",
            ),
            tags: [
                "security",
            ],
            test_cases: [],
        },
        RuleConfig {
            id: "secrets.google_api_key",
            severity: Error,
            message: "Potential Google API key detected.",
            description: "",
            languages: [],
            patterns: [
                "AIza[0-9A-Za-z\\-_]{35}",
            ],
            paths: [],
            exclude_paths: [
                "**/*.md",
                "**/README*",
            ],
            ignore_comments: false,
            ignore_strings: false,
            match_mode: Any,
            multiline: false,
            multiline_window: None,
            context_patterns: [],
            context_window: None,
            escalate_patterns: [],
            escalate_window: None,
            escalate_to: None,
            depends_on: [],
            help: Some(
                "Google API keys should not be committed to source control. Use environment variables or Google Cloud Secret Manager. Restrict the key's allowed APIs and referrers in the Google Cloud Console.",
            ),
            url: Some(
                "https://cloud.google.com/docs/authentication/api-keys",
            ),
            tags: [
                "security",
            ],
            test_cases: [],
        },
        RuleConfig {
            id: "secrets.twilio_key",
            severity: Error,
            message: "Potential Twilio API key detected.",
            description: "",
            languages: [],
            patterns: [
                "SK[0-9a-fA-F]{32}",
            ],
            paths: [],
            exclude_paths: [
                "**/*.md",
                "**/README*",
            ],
            ignore_comments: false,
            ignore_strings: false,
            match_mode: Any,
            multiline: false,
            multiline_window: None,
            context_patterns: [],
            context_window: None,
            escalate_patterns: [],
            escalate_window: None,
            escalate_to: None,
            depends_on: [],
            help: Some(
                "Twilio API keys should not be committed to source control. Use environment variables or a secrets manager. If compromised, revoke the key in your Twilio console.",
            ),
            url: Some(
                "https://www.twilio.com/docs/iam/api-keys",
            ),
            tags: [
                "security",
            ],
            test_cases: [],
        },
        RuleConfig {
            id: "secrets.npm_token",
            severity: Error,
            message: "Potential npm token detected.",
            description: "",
            languages: [],
            patterns: [
                "npm_[0-9a-zA-Z]{36}",
            ],
            paths: [],
            exclude_paths: [
                "**/*.md",
                "**/README*",
            ],
            ignore_comments: false,
            ignore_strings: false,
            match_mode: Any,
            multiline: false,
            multiline_window: None,
            context_patterns: [],
            context_window: None,
            escalate_patterns: [],
            escalate_window: None,
            escalate_to: None,
            depends_on: [],
            help: Some(
                "npm tokens should not be committed to source control. Use environment variables or npm's built-in .npmrc configuration. If compromised, revoke the token on npmjs.com.",
            ),
            url: Some(
                "https://docs.npmjs.com/about-access-tokens",
            ),
            tags: [
                "security",
            ],
            test_cases: [],
        },
        RuleConfig {
            id: "secrets.pypi_token",
            severity: Error,
            message: "Potential PyPI token detected.",
            description: "",
            languages: [],
            patterns: [
                "pypi-[0-9a-zA-Z_-]{50,}",
            ],
            paths: [],
            exclude_paths: [
                "**/*.md",
                "**/README*",
            ],
            ignore_comments: false,
            ignore_strings: false,
            match_mode: Any,
            multiline: false,
            multiline_window: None,
            context_patterns: [],
            context_window: None,
            escalate_patterns: [],
            escalate_window: None,
            escalate_to: None,
            depends_on: [],
            help: Some(
                "PyPI tokens should not be committed to source control. Use environment variables or a secrets manager. If compromised, revoke the token on pypi.org.",
            ),
            url: Some(
                "https://pypi.org/help/#apitoken",
            ),
            tags: [
                "security",
            ],
            test_cases: [],
        },
        RuleConfig {
            id: "secrets.password_assignment",
            severity: Warn,
            message: "Potential hardcoded password detected.",
            description: "",
            languages: [],
            patterns: [
                "(?i)(password|passwd|pwd)\\s*[:=]\\s*[\"'][^\"']{8,}[\"']",
            ],
            paths: [],
            exclude_paths: [
                "**/*.md",
                "**/README*",
                "**/*.example*",
                "**/*test*",
            ],
            ignore_comments: true,
            ignore_strings: false,
            match_mode: Any,
            multiline: false,
            multiline_window: None,
            context_patterns: [],
            context_window: None,
            escalate_patterns: [],
            escalate_window: None,
            escalate_to: None,
            depends_on: [],
            help: Some(
                "Passwords should not be hardcoded in source files. Use environment variables, a secrets manager, or secure configuration files excluded from version control.",
            ),
            url: None,
            tags: [
                "security",
            ],
            test_cases: [],
        },
        RuleConfig {
            id: "secrets.jwt_token",
            severity: Warn,
            message: "Potential JWT token detected.",
            description: "",
            languages: [],
            patterns: [
                "eyJ[a-zA-Z0-9_-]{10,}\\.eyJ[a-zA-Z0-9_-]{10,}\\.[a-zA-Z0-9_-]{10,}",
            ],
            paths: [],
            exclude_paths: [
                "**/*.md",
                "**/README*",
                "**/*test*",
            ],
            ignore_comments: true,
            ignore_strings: false,
            match_mode: Any,
            multiline: false,
            multiline_window: None,
            context_patterns: [],
            context_window: None,
            escalate_patterns: [],
            escalate_window: None,
            escalate_to: None,
            depends_on: [],
            help: Some(
                "JWT tokens should not be hardcoded in source files. They may contain sensitive claims or grant unauthorized access. Generate tokens dynamically at runtime.",
            ),
            url: Some(
                "https://jwt.io/introduction",
            ),
            tags: [
                "security",
            ],
            test_cases: [],
        },
        RuleConfig {
            id: "security.hardcoded_ipv4",
            severity: Warn,
            message: "Hardcoded IPv4 address detected.",
            description: "",
            languages: [],
            patterns: [
                "(?:(?:25[0-5]|2[0-4][0-9]|[01]?[0-9][0-9]?)\\.){3}(?:25[0-5]|2[0-4][0-9]|[01]?[0-9][0-9]?)",
            ],
            paths: [],
            exclude_paths: [
                "**/*.md",
                "**/README*",
                "**/*test*",
                "**/Dockerfile*",
            ],
            ignore_comments: true,
            ignore_strings: false,
            match_mode: Any,
            multiline: false,
            multiline_window: None,
            context_patterns: [],
            context_window: None,
            escalate_patterns: [],
            escalate_window: None,
            escalate_to: None,
            depends_on: [],
            help: Some(
                "Hardcoded IP addresses make code inflexible and can expose internal network topology. Use configuration files, environment variables, or DNS names instead.",
            ),
            url: None,
            tags: [
                "security",
            ],
            test_cases: [],
        },
        RuleConfig {
            id: "security.http_url",
            severity: Warn,
            message: "Non-HTTPS URL detected.",
            description: "",
            languages: [],
            patterns: [
                "[\"']http://[^\"']+[\"']",
            ],
            paths: [],
            exclude_paths: [
                "**/*.md",
                "**/README*",
                "**/*test*",
                "**/localhost*",
            ],
            ignore_comments: true,
            ignore_strings: false,
            match_mode: Any,
            multiline: false,
            multiline_window: None,
            context_patterns: [],
            context_window: None,
            escalate_patterns: [],
            escalate_window: None,
            escalate_to: None,
            depends_on: [],
            help: Some(
                "Use HTTPS instead of HTTP for secure communication. HTTP transmits data in plaintext, making it vulnerable to man-in-the-middle attacks.",
            ),
            url: None,
            tags: [
                "security",
            ],
            test_cases: [],
        },
        RuleConfig {
            id: "js.no_eval",
            severity: Error,
            message: "Avoid eval() - potential code injection risk.",
            description: "",
            languages: [
                "javascript",
                "typescript",
            ],
            patterns: [
                "\\beval\\s*\\(",
                "\\bFunction\\s*\\(",
            ],
            paths: [
                "**/*.js",
                "**/*.ts",
                "**/*.jsx",
                "**/*.tsx",
            ],
            exclude_paths: [
                "**/*test*",
            ],
            ignore_comments: true,
            ignore_strings: true,
            match_mode: Any,
            multiline: false,
            multiline_window: None,
            context_patterns: [],
            context_window: None,
            escalate_patterns: [],
            escalate_window: None,
            escalate_to: None,
            depends_on: [],
            help: Some(
                "eval() and the Function constructor execute arbitrary code, creating severe security risks. Use safer alternatives like JSON.parse() for data or template literals for strings.",
            ),
            url: Some(
                "https://developer.mozilla.org/en-US/docs/Web/JavaScript/Reference/Global_Objects/eval#never_use_direct_eval!",
            ),
            tags: [
                "security",
            ],
            test_cases: [],
        },
        RuleConfig {
            id: "python.no_eval",
            severity: Error,
            message: "Avoid eval()/exec() - potential code injection risk.",
            description: "",
            languages: [
                "python",
            ],
            patterns: [
                "\\beval\\s*\\(",
                "\\bexec\\s*\\(",
            ],
            paths: [
                "**/*.py",
            ],
            exclude_paths: [
                "**/*test*",
            ],
            ignore_comments: true,
            ignore_strings: true,
            match_mode: Any,
            multiline: false,
            multiline_window: None,
            context_patterns: [],
            context_window: None,
            escalate_patterns: [],
            escalate_window: None,
            escalate_to: None,
            depends_on: [],
            help: Some(
                "eval() and exec() execute arbitrary Python code, creating severe security risks. Use ast.literal_eval() for safe literal evaluation or find alternative approaches.",
            ),
            url: Some(
                "https://docs.python.org/3/library/functions.html#eval",
            ),
            tags: [
                "security",
            ],
            test_cases: [],
        },
        RuleConfig {
            id: "ruby.no_eval",
            severity: Error,
            message: "Avoid eval/instance_eval - potential code injection risk.",
            description: "",
            languages: [
                "ruby",
            ],
            patterns: [
                "\\beval\\s*[\\(\\s]",
                "\\binstance_eval\\s*[\\(\\s{]",
            ],
            paths: [
                "**/*.rb",
                "**/*.rake",
            ],
            exclude_paths: [
                "**/*test*",
                "**/spec/**",
            ],
            ignore_comments: true,
            ignore_strings: true,
            match_mode: Any,
            multiline: false,
            multiline_window: None,
            context_patterns: [],
            context_window: None,
            escalate_patterns: [],
            escalate_window: None,
            escalate_to: None,
            depends_on: [],
            help: Some(
                "eval and instance_eval execute arbitrary Ruby code, creating severe security risks. Use safer metaprogramming techniques like define_method or public_send.",
            ),
            url: None,
            tags: [
                "security",
            ],
            test_cases: [],
        },
        RuleConfig {
            id: "php.no_eval",
            severity: Error,
            message: "Avoid eval()/create_function() - potential code injection risk.",
            description: "",
            languages: [
                "php",
            ],
            patterns: [
                "\\beval\\s*\\(",
                "\\bcreate_function\\s*\\(",
            ],
            paths: [
                "**/*.php",
            ],
            exclude_paths: [
                "**/*test*",
            ],
            ignore_comments: true,
            ignore_strings: true,
            match_mode: Any,
            multiline: false,
            multiline_window: None,
            context_patterns: [],
            context_window: None,
            escalate_patterns: [],
            escalate_window: None,
            escalate_to: None,
            depends_on: [],
            help: Some(
                "eval() and create_function() execute arbitrary PHP code, creating severe security risks. Use anonymous functions or other safe alternatives.",
            ),
            url: Some(
                "https://www.php.net/manual/en/function.eval.php",
            ),
            tags: [
                "security",
            ],
            test_cases: [],
        },
        RuleConfig {
            id: "shell.no_eval",
            severity: Error,
            message: "Avoid eval in shell scripts - potential code injection risk.",
            description: "",
            languages: [
                "shell",
            ],
            patterns: [
                "\\beval\\s+",
            ],
            paths: [
                "**/*.sh",
                "**/*.bash",
                "**/*.zsh",
            ],
            exclude_paths: [
                "**/*test*",
            ],
            ignore_comments: true,
            ignore_strings: true,
            match_mode: Any,
            multiline: false,
            multiline_window: None,
            context_patterns: [],
            context_window: None,
            escalate_patterns: [],
            escalate_window: None,
            escalate_to: None,
            depends_on: [],
            help: Some(
                "eval in shell scripts executes arbitrary commands, creating severe security risks especially with user input. Use safer alternatives like arrays or direct command execution.",
            ),
            url: None,
            tags: [
                "security",
            ],
            test_cases: [],
        },
        RuleConfig {
            id: "security.sql_concat",
            severity: Warn,
            message: "Potential SQL injection - avoid string concatenation in queries.",
            description: "",
            languages: [],
            patterns: [
                "(?i)(SELECT|INSERT|UPDATE|DELETE|FROM|WHERE).*\\+.*[\"']",
                "(?i)(SELECT|INSERT|UPDATE|DELETE|FROM|WHERE).*[\"'].*\\+",
            ],
            paths: [],
            exclude_paths: [
                "**/*test*",
                "**/*.md",
            ],
            ignore_comments: true,
            ignore_strings: false,
            match_mode: Any,
            multiline: false,
            multiline_window: None,
            context_patterns: [],
            context_window: None,
            escalate_patterns: [],
            escalate_window: None,
            escalate_to: None,
            depends_on: [],
            help: Some(
                "String concatenation in SQL queries can lead to SQL injection attacks. Use parameterized queries or prepared statements instead.",
            ),
            url: Some(
                "https://cheatsheetseries.owasp.org/cheatsheets/Query_Parameterization_Cheat_Sheet.html",
            ),
            tags: [
                "security",
            ],
            test_cases: [],
        },
        RuleConfig {
            id: "security.xxe",
            severity: Error,
            message: "Potential XML External Entity (XXE) vulnerability detected.",
            description: "",
            languages: [],
            patterns: [
                "<!DOCTYPE\\s+.*\\s+SYSTEM\\s+[\"']",
                "<!ENTITY\\s+.*\\s+SYSTEM\\s+[\"']",
                "xml.etree\\.ElementTree\\.parse\\s*\\(",
                "DocumentBuilder\\.new\\s*\\(\\)",
                "lxml\\.etree\\.parse\\s*\\(",
            ],
            paths: [],
            exclude_paths: [
                "**/*.md",
                "**/README*",
                "**/*test*",
            ],
            ignore_comments: false,
            ignore_strings: false,
            match_mode: Any,
            multiline: false,
            multiline_window: None,
            context_patterns: [],
            context_window: None,
            escalate_patterns: [],
            escalate_window: None,
            escalate_to: None,
            depends_on: [],
            help: Some(
                "XML parsers should be configured to disable external entity processing to prevent XXE attacks. Use secure parsing configurations that set disallow-doctype-decl or similar security features.",
            ),
            url: Some(
                "https://cheatsheetseries.owasp.org/cheatsheets/XML_External_Entity_Prevention_Cheat_Sheet.html",
            ),
            tags: [
                "security",
            ],
            test_cases: [],
        },
    ],
}
