---
source: crates/diffguard-domain/tests/snapshot_tests_work_53f352f9.rs
expression: snapshot
---
src/lib.rs                     => Some("rust")         (expected \"rust\") ✓
script.py                      => Some("python")       (expected \"python\") ✓
script.pyw                     => Some("python")       (expected \"python\") ✓
app.js                         => Some("javascript")   (expected \"javascript\") ✓
module.mjs                     => Some("javascript")   (expected \"javascript\") ✓
module.cjs                     => Some("javascript")   (expected \"javascript\") ✓
Component.jsx                  => Some("javascript")   (expected \"javascript\") ✓
app.ts                         => Some("typescript")   (expected \"typescript\") ✓
module.mts                     => Some("typescript")   (expected \"typescript\") ✓
module.cts                     => Some("typescript")   (expected \"typescript\") ✓
Component.tsx                  => Some("typescript")   (expected \"typescript\") ✓
main.go                        => Some("go")           (expected \"go\") ✓
Main.java                      => Some("java")         (expected \"java\") ✓
Main.kt                        => Some("kotlin")       (expected \"kotlin\") ✓
build.kts                      => Some("kotlin")       (expected \"kotlin\") ✓
script.rb                      => Some("ruby")         (expected \"ruby\") ✓
main.c                         => Some("c")            (expected \"c\") ✓
header.h                       => Some("c")            (expected \"c\") ✓
main.cpp                       => Some("cpp")          (expected \"cpp\") ✓
main.cc                        => Some("cpp")          (expected \"cpp\") ✓
main.cxx                       => Some("cpp")          (expected \"cpp\") ✓
header.hpp                     => Some("cpp")          (expected \"cpp\") ✓
header.hxx                     => Some("cpp")          (expected \"cpp\") ✓
header.hh                      => Some("cpp")          (expected \"cpp\") ✓
Program.cs                     => Some("csharp")       (expected \"csharp\") ✓
script.sh                      => Some("shell")        (expected \"shell\") ✓
script.bash                    => Some("shell")        (expected \"shell\") ✓
script.zsh                     => Some("shell")        (expected \"shell\") ✓
script.ksh                     => Some("shell")        (expected \"shell\") ✓
script.fish                    => Some("shell")        (expected \"shell\") ✓
main.swift                     => Some("swift")        (expected \"swift\") ✓
Main.scala                     => Some("scala")        (expected \"scala\") ✓
Main.sc                        => Some("scala")        (expected \"scala\") ✓
query.sql                      => Some("sql")          (expected \"sql\") ✓
document.xml                   => Some("xml")          (expected \"xml\") ✓
transform.xsl                  => Some("xml")          (expected \"xml\") ✓
transform.xslt                 => Some("xml")          (expected \"xml\") ✓
schema.xsd                     => Some("xml")          (expected \"xml\") ✓
image.svg                      => Some("xml")          (expected \"xml\") ✓
page.xhtml                     => Some("xml")          (expected \"xml\") ✓
page.html                      => Some("xml")          (expected \"xml\") ✓
page.htm                       => Some("xml")          (expected \"xml\") ✓
script.php                     => Some("php")          (expected \"php\") ✓
script.phtml                   => Some("php")          (expected \"php\") ✓
script.php3                    => Some("php")          (expected \"php\") ✓
script.php4                    => Some("php")          (expected \"php\") ✓
script.php5                    => Some("php")          (expected \"php\") ✓
script.php7                    => Some("php")          (expected \"php\") ✓
script.phps                    => Some("php")          (expected \"php\") ✓
config.yaml                    => Some("yaml")         (expected \"yaml\") ✓
config.yml                     => Some("yaml")         (expected \"yaml\") ✓
config.toml                    => Some("toml")         (expected \"toml\") ✓
data.json                      => Some("json")         (expected \"json\") ✓
data.jsonc                     => Some("json")         (expected \"json\") ✓
data.json5                     => Some("json")         (expected \"json\") ✓
