---
source: crates/diffguard-domain/tests/snapshot_tests_work_8526ea59.rs
expression: snapshot
---
=== Evaluation ===
findings_count: 0
truncated_findings: 1
files_scanned: 1
lines_scanned: 1

=== Counts ===
info: 0, warn: 0, error: 1, suppressed: 0

=== Findings ===


=== Rule Hits ===
- rule_id: test.rule, total: 1, emitted: 1, suppressed: 0, info: 0, warn: 0, error: 1
