---
source: bench/tests/snapshot_tests.rs
assertion_line: 109
expression: json
---
{
  "schema": "diffguard.v1",
  "tool": {
    "name": "diffguard",
    "version": "0.2.0"
  },
  "diff": {
    "base": "abc123",
    "head": "def456",
    "context_lines": 3,
    "scope": "added",
    "files_scanned": 1,
    "lines_scanned": 100
  },
  "findings": [],
  "verdict": {
    "status": "pass",
    "counts": {
      "info": 0,
      "warn": 0,
      "error": 0
    },
    "reasons": []
  },
  "timing": {
    "total_ms": 42,
    "diff_parse_ms": 10,
    "rule_compile_ms": 5,
    "evaluation_ms": 27
  }
}
