---
source: crates/diffguard/tests/baseline_mode_snapshots.rs
expression: normalize_git_hashes(&markdown)
---
## diffguard — FAIL

Scanned **1** file(s), **1** line(s) (scope: `added`, base: `GIT_HASH_PLACEHOLDER`, head: `GIT_HASH_PLACEHOLDER`)

| Severity | Classification | Rule | Location | Message | Snippet |
|---|---|---|---|---|---|
| error | [NEW] `rust.no\_unwrap` | `src/lib.rs:2` | Avoid unwrap/expect in production code. | `.unwrap(` |
